// 同步 ID: 086ea4c2 @ Sun Jul 26 04:46:43 UTC 2026
// 同步 ID: 87783273 @ Sun Jul 26 17:38:00 UTC 2026
// 同步 ID: 1565dff5 @ Tue Jul 28 06:37:50 UTC 2026
// 重构日志: 7e3902f1
// 重构日志: 4b396856
// 重构日志: 90269be5
// 重构日志: c4b7d820
// 重构日志: 81a442d3
// 同步 ID: e1c9e6d1 @ Thu Jul 30 14:36:49 UTC 2026
// 同步 ID: 18f4fb4b @ Thu Jul 30 17:10:06 UTC 2026
// 重构日志: eba9c580
// 同步 ID: 788c8aea @ Sat Aug  1 04:44:01 UTC 2026
// 同步 ID: bcb7214b @ Sun Aug  2 00:08:49 UTC 2026
// 重构日志: ed030274
// 同步 ID: de94f163 @ Sun Aug  2 13:57:47 UTC 2026
// 同步 ID: b357091c @ Mon Aug  3 03:50:31 UTC 2026
// 同步 ID: a4790edf @ Mon Aug  3 07:53:02 UTC 2026
// 重构日志: ca32672b
// 重构日志: 87b5bb3a
// 同步 ID: 7b12fd8b @ Wed Aug  5 09:50:04 UTC 2026
// 重构日志: 24b7cd61
// 重构日志: ade5f895
// 重构日志: 5f7f23e3
// 重构日志: c93173a7
// 重构日志: e81669a2
// 同步 ID: a705d39a @ Fri Aug  7 15:50:16 UTC 2026
// 重构日志: 9005bb9d
// 重构日志: 7f7f74ca
// 同步 ID: 3b1879dd @ Sat Aug  8 13:11:29 UTC 2026
// 同步 ID: 1ffb25d6 @ Sat Aug  8 14:58:08 UTC 2026
